[spacecatch.io/index.html]
[backblue.gif]
[fade.gif]
[index.html]
[spacecatch.io/img/preview-image.jpg]
[spacecatch.io/img/preview-image5e1f.jpg]
[spacecatch.io/img/favicon/browserconfig.xml]
[spacecatch.io/img/favicon/apple-touch-icon.png]
[spacecatch.io/img/favicon/favicon-32x32.png]
[spacecatch.io/img/favicon/favicon-16x16.png]
[spacecatch.io/img/favicon/safari-pinned-tab.svg]
[spacecatch.io/img/favicon/favicon.ico]
[spacecatch.io/css/style.min519d.css]
[code.jquery.com/jquery-3.4.1.min.js]
[spacecatch.io/js/countdownac12.js]
[spacecatch.io/js/modalac12.js]
[spacecatch.io/js/charactersac12.js]
[spacecatch.io/js/slick.minac12.js]
[spacecatch.io/js/sliderac12.js]
[spacecatch.io/js/faqac12.js]
[spacecatch.io/js/menuac12.js]
[spacecatch.io/js/sendac12.js]
[www.smartsuppchat.com/loaderd41d.js]
[spacecatch.io/img/logocbd4.svg]
[spacecatch.io/img/icons/trianglecbd4.svg]
[spacecatch.io/team.html]
[spacecatch.io/airdrop.html]
[spacecatch.io/press.html]
[spacecatch.io/blog.html]
[spacecatch.io/videos.html]
[spacecatch.io/partners.html]
[spacecatch.io/contact.html]
[spacecatch.io/img/video-previewcbd4.jpg]
[spacecatch.io/video/trailer.mp4]
[spacecatch.io/img/icons/mutecbd4.svg]
[spacecatch.io/img/icons/playcbd4.svg]
[spacecatch.io/try-the-game.html]
[spacecatch.io/img/google-playcbd4.svg]
[spacecatch.io/img/app-storecbd4.svg]
[spacecatch.io/img/icons/telegramcbd4.svg]
[spacecatch.io/img/icons/discordcbd4.svg]
[spacecatch.io/img/icons/twittercbd4.svg]
[spacecatch.io/img/icons/youtubecbd4.svg]
[spacecatch.io/img/icons/instagramcbd4.svg]
[spacecatch.io/img/icons/mediumcbd4.svg]
[spacecatch.io/img/icons/coinmarketcapcbd4.svg]
[spacecatch.io/img/binancecbd4.png]
[spacecatch.io/files/certik-token-audit.pdf]
[spacecatch.io/img/certikcbd4.svg]
[spacecatch.io/img/kyc-goldcbd4.svg]
[spacecatch.io/img/icons/infocbd4.svg]
[spacecatch.io/img/icons/successcbd4.svg]
[spacecatch.io/img/ellipse/1cbd4.svg]
[spacecatch.io/img/symbol1cbd4.svg]
[spacecatch.io/img/gamecbd4.png]
[spacecatch.io/img/ellipse/2cbd4.svg]
[spacecatch.io/img/development/ethereum-foundationcbd4.webp]
[spacecatch.io/img/development/unitycbd4.svg]
[spacecatch.io/img/development/microsoft-azurecbd4.svg]
[spacecatch.io/img/development/apple-developercbd4.svg]
[spacecatch.io/img/development/google-developerscbd4.svg]
[spacecatch.io/img/development/yahoo-financecbd4.svg]
[spacecatch.io/img/press/bsccbd4.png]
[spacecatch.io/img/development/bloombergcbd4.svg]
[spacecatch.io/img/development/bitcoincbd4.png]
[spacecatch.io/img/development/awscbd4.svg]
[spacecatch.io/img/development/gatecbd4.png]
[spacecatch.io/img/development/mexccbd4.svg]
[spacecatch.io/img/development/blockchain-legalcbd4.png]
[spacecatch.io/img/development/pixelfieldcbd4.svg]
[spacecatch.io/img/development/bitmartcbd4.svg]
[spacecatch.io/img/ellipse/3cbd4.svg]
[spacecatch.io/img/icons/frame-1cbd4.svg]
[spacecatch.io/img/icons/playercbd4.svg]
[spacecatch.io/img/icons/frame-2cbd4.svg]
[spacecatch.io/img/icons/aliencbd4.svg]
[spacecatch.io/img/icons/frame-3cbd4.svg]
[spacecatch.io/img/icons/enemycbd4.svg]
[spacecatch.io/img/icons/frame-4cbd4.svg]
[spacecatch.io/img/icons/invadercbd4.svg]
[spacecatch.io/img/adamcbd4.png]
[spacecatch.io/img/chtulucbd4.png]
[spacecatch.io/img/ricinoxcbd4.png]
[spacecatch.io/img/quixightcbd4.png]
[spacecatch.io/img/videos/preview-93cbd4.jpg]
[spacecatch.io/img/videos/thomas-kralowcbd4.jpg]
[spacecatch.io/img/videos/preview-92cbd4.jpg]
[spacecatch.io/img/videos/coin-postcbd4.jpg]
[spacecatch.io/img/videos/preview-66cbd4.jpg]
[spacecatch.io/img/videos/beanstockcbd4.jpg]
[spacecatch.io/img/videos/preview-42cbd4.jpg]
[spacecatch.io/img/videos/maxmar628cbd4.jpg]
[spacecatch.io/img/videos/preview-50cbd4.jpg]
[spacecatch.io/img/videos/bitcoin-sin-fronterascbd4.jpg]
[spacecatch.io/img/videos/preview-39cbd4.jpg]
[spacecatch.io/img/videos/kripto-sozlukcbd4.jpg]
[spacecatch.io/img/tokenomicscbd4.svg]
[spacecatch.io/img/nft/1cbd4.jpg]
[spacecatch.io/img/nft/2cbd4.jpg]
[spacecatch.io/img/nft/3cbd4.jpg]
[spacecatch.io/img/nft/4cbd4.jpg]
[spacecatch.io/img/nft/5cbd4.jpg]
[spacecatch.io/img/nft/6cbd4.jpg]
[spacecatch.io/img/sold-outcbd4.png]
[spacecatch.io/img/tweets/spacecatchcbd4.jpg]
[spacecatch.io/img/tweets/20cbd4.jpg]
[spacecatch.io/img/tweets/19cbd4.jpg]
[spacecatch.io/img/tweets/18cbd4.jpg]
[spacecatch.io/img/tweets/17cbd4.jpg]
[spacecatch.io/img/tweets/16cbd4.jpg]
[spacecatch.io/img/tweets/15cbd4.jpg]
[spacecatch.io/img/roadmapcbd4.png]
[spacecatch.io/img/mooncbd4.png]
[spacecatch.io/img/team/stanislav-lepkacbd4.png]
[spacecatch.io/img/icons/linkedincbd4.svg]
[spacecatch.io/img/team/filip-hasacbd4.png]
[spacecatch.io/img/icons/webcbd4.svg]
[spacecatch.io/img/team/dominik-buracbd4.png]
[spacecatch.io/img/team/kol-humphriescbd4.png]
[spacecatch.io/img/symbol5cbd4.svg]
[spacecatch.io/img/press/beincryptocbd4.svg]
[spacecatch.io/img/press/finboldcbd4.svg]
[spacecatch.io/img/press/bitcoin-whitecbd4.png]
[spacecatch.io/img/press/cointelegraphcbd4.svg]
[spacecatch.io/img/news-bgcbd4.png]
[spacecatch.io/disclaimer.html]
[spacecatch.io/privacy-policy.html]
[spacecatch.io/cookies.html]
[spacecatch.io/js/zenscroll-min.js]
[spacecatch.io/index.html]
[spacecatch.io/img/favicon/site.html]
[spacecatch.io/img/favicon/safari-pinned-tab.svg]
[spacecatch.io/fonts/Squartiqa-4F.woff2]
[spacecatch.io/dist/bundleac12.js]
[spacecatch.io/fonts/Squartiqa-4F.woff]
[spacecatch.io/fonts/SpaceGrotesk-Regular.woff2]
[spacecatch.io/fonts/SpaceGrotesk-Regular.ttf]
[spacecatch.io/fonts/SpaceGrotesk-Regular.otf]
[spacecatch.io/fonts/SpaceGrotesk-Medium.woff2]
[spacecatch.io/fonts/SpaceGrotesk-Medium.ttf]
[spacecatch.io/fonts/SpaceGrotesk-Medium.otf]
[spacecatch.io/fonts/SpaceGrotesk-Bold.woff2]
[spacecatch.io/fonts/SpaceGrotesk-Bold.ttf]
[spacecatch.io/fonts/SpaceGrotesk-Bold.otf]
[spacecatch.io/img/videos/bg.jpg]
[spacecatch.io/img/tokenomics-bg.jpg]
[spacecatch.io/img/bga989.jpg]
[spacecatch.io/img/gateway-bg-pc.png]
[spacecatch.io/img/gateway-bg.jpg]
[spacecatch.io/css/style.min519d.css]
[www.googletagmanager.com/gtm5445.html]
[spacecatch.io/img/logocbd4.svg]
[spacecatch.io/img/icons/trianglecbd4.svg]
[spacecatch.io/img/team/radek-holubikcbd4.png]
[spacecatch.io/img/team/michal-vavracbd4.png]
[spacecatch.io/img/team/martin-lepkacbd4.png]
[spacecatch.io/img/icons/emailcbd4.svg]
[spacecatch.io/img/team/ian-scarffecbd4.png]
[spacecatch.io/img/icons/icoholdercbd4.svg]
[spacecatch.io/img/team/sarah-mae-estimadacbd4.png]
[spacecatch.io/img/team/belgis-al-mahdiovacbd4.png]
[spacecatch.io/img/team/barbora-hrabovcovacbd4.png]
[spacecatch.io/img/team/nigel-thornewillcbd4.png]
[spacecatch.io/img/team/miljan-pajiccbd4.png]
[spacecatch.io/img/team/martin-veverkacbd4.png]
[spacecatch.io/img/team/jakub-rudorfercbd4.png]
[spacecatch.io/img/team/lubomir-hedvigycbd4.png]
[spacecatch.io/img/team/petr-hejdacbd4.png]
[spacecatch.io/img/icons/stackoverflowcbd4.svg]
[spacecatch.io/img/team/eliska-libovickacbd4.png]
[spacecatch.io/img/team/artur-useinovcbd4.png]
[spacecatch.io/img/team/igor-vasylchenkocbd4.png]
[spacecatch.io/img/team/robert-gosperskijcbd4.png]
[spacecatch.io/img/team/adam-kotrlacbd4.png]
[spacecatch.io/img/team/zuzana-plesnikovacbd4.png]
[spacecatch.io/img/team/dominik-strestikcbd4.png]
[spacecatch.io/img/team/martin-herckocbd4.png]
[spacecatch.io/img/team/john-horgancbd4.png]
[spacecatch.io/img/team/patrik-sobekcbd4.png]
[spacecatch.io/img/team/jeffrey-chekusecbd4.png]
[spacecatch.io/img/team/mitja-bandelcbd4.png]
[spacecatch.io/img/team/viachaslau-zhybutkocbd4.png]
[spacecatch.io/img/team/phung-lacbd4.png]
[spacecatch.io/img/team/luyen-le-thicbd4.png]
[spacecatch.io/img/team/filip-radicevskicbd4.png]
[spacecatch.io/img/team/jakub-miculkacbd4.png]
[spacecatch.io/img/team/jakub-bartusekcbd4.png]
[spacecatch.io/img/team/franziska-buschcbd4.png]
[spacecatch.io/img/team/jan-svadlenacbd4.png]
[spacecatch.io/img/companies/albertcbd4.svg]
[spacecatch.io/img/companies/becherovkacbd4.svg]
[spacecatch.io/img/companies/cinestarcbd4.svg]
[spacecatch.io/img/companies/ctcbd4.svg]
[spacecatch.io/img/companies/ctucbd4.svg]
[spacecatch.io/img/companies/dhlcbd4.svg]
[spacecatch.io/img/companies/fortunacbd4.svg]
[spacecatch.io/img/companies/hbocbd4.svg]
[spacecatch.io/img/companies/ibmcbd4.svg]
[spacecatch.io/img/companies/primapluscbd4.svg]
[spacecatch.io/img/companies/kofolacbd4.svg]
[spacecatch.io/img/companies/mercedes-benzcbd4.svg]
[spacecatch.io/img/companies/nestlecbd4.svg]
[spacecatch.io/img/companies/peugeotcbd4.svg]
[spacecatch.io/img/companies/raiffeisenbankcbd4.svg]
[spacecatch.io/img/companies/seznamcbd4.svg]
[spacecatch.io/img/companies/siemenscbd4.svg]
[spacecatch.io/img/companies/skodacbd4.svg]
[spacecatch.io/img/companies/tatumcbd4.svg]
[spacecatch.io/img/companies/tescocbd4.svg]
[spacecatch.io/img/companies/tipsportcbd4.svg]
[spacecatch.io/team.html]
[spacecatch.io/img/companies/unicorncbd4.svg]
[spacecatch.io/airdrop.html]
[spacecatch.io/dist/bundle-airdropac12.js]
[spacecatch.io/js/fetchPressac12.js]
[spacecatch.io/img/lang/gbcbd4.svg]
[spacecatch.io/img/lang/decbd4.svg]
[spacecatch.io/img/lang/frcbd4.svg]
[spacecatch.io/img/lang/escbd4.svg]
[spacecatch.io/img/lang/czcbd4.svg]
[spacecatch.io/img/lang/cncbd4.svg]
[spacecatch.io/img/lang/idcbd4.svg]
[spacecatch.io/img/lang/rucbd4.svg]
[spacecatch.io/img/lang/trcbd4.svg]
[spacecatch.io/img/lang/ptcbd4.svg]
[spacecatch.io/img/lang/nlcbd4.svg]
[spacecatch.io/img/lang/hucbd4.svg]
[spacecatch.io/img/lang/vncbd4.svg]
[spacecatch.io/press.html]
[spacecatch.io/img/lang/phcbd4.svg]
[spacecatch.io/js/fetchArticlesac12.js]
[spacecatch.io/blog.html]
[spacecatch.io/img/videos/preview-91cbd4.jpg]
[spacecatch.io/img/videos/kripto-ofiscbd4.jpg]
[spacecatch.io/img/videos/preview-90cbd4.jpg]
[spacecatch.io/img/videos/ben-cryptocbd4.jpg]
[spacecatch.io/img/videos/preview-89cbd4.jpg]
[spacecatch.io/img/videos/crypto-cornercbd4.jpg]
[spacecatch.io/img/videos/preview-88cbd4.jpg]
[spacecatch.io/img/videos/crypto-analisiscbd4.jpg]
[spacecatch.io/img/videos/preview-87cbd4.jpg]
[spacecatch.io/img/videos/dr-kriptocbd4.jpg]
[spacecatch.io/img/videos/preview-86cbd4.jpg]
[spacecatch.io/img/videos/crypto-hocamcbd4.jpg]
[spacecatch.io/img/videos/preview-85cbd4.jpg]
[spacecatch.io/img/videos/soy-vladcbd4.jpg]
[spacecatch.io/img/videos/preview-84cbd4.jpg]
[spacecatch.io/img/videos/tuna-kayacbd4.jpg]
[spacecatch.io/img/videos/preview-83cbd4.jpg]
[spacecatch.io/img/videos/criptobrcbd4.jpg]
[spacecatch.io/img/videos/preview-82cbd4.jpg]
[spacecatch.io/img/videos/diovane-lopescbd4.jpg]
[spacecatch.io/img/videos/preview-81cbd4.jpg]
[spacecatch.io/img/videos/the-vsecbd4.jpg]
[spacecatch.io/img/videos/preview-80cbd4.jpg]
[spacecatch.io/img/videos/mr-edgar-crosscbd4.jpg]
[spacecatch.io/img/videos/preview-79cbd4.jpg]
[spacecatch.io/img/videos/crypto-gamerscbd4.jpg]
[spacecatch.io/img/videos/preview-78cbd4.jpg]
[spacecatch.io/img/videos/e-topsabercbd4.jpg]
[spacecatch.io/img/videos/preview-77cbd4.jpg]
[spacecatch.io/img/videos/pedro-notacbd4.jpg]
[spacecatch.io/img/videos/preview-76cbd4.jpg]
[spacecatch.io/img/videos/sandro-cabralescbd4.jpg]
[spacecatch.io/img/videos/preview-75cbd4.jpg]
[spacecatch.io/img/videos/le-ocbd4.jpg]
[spacecatch.io/img/videos/preview-74cbd4.jpg]
[spacecatch.io/img/videos/eralp-buyukaslancbd4.jpg]
[spacecatch.io/img/videos/preview-73cbd4.jpg]
[spacecatch.io/img/videos/zettatradingcbd4.jpg]
[spacecatch.io/img/videos/preview-72cbd4.jpg]
[spacecatch.io/img/videos/parlons-de-toutcbd4.jpg]
[spacecatch.io/img/videos/preview-71cbd4.jpg]
[spacecatch.io/img/videos/eric-arizonacbd4.jpg]
[spacecatch.io/img/videos/preview-70cbd4.jpg]
[spacecatch.io/img/videos/tech-perfectionistcbd4.jpg]
[spacecatch.io/img/videos/preview-69cbd4.jpg]
[spacecatch.io/img/videos/cryptodexworldcbd4.jpg]
[spacecatch.io/img/videos/preview-68cbd4.jpg]
[spacecatch.io/img/videos/crypto-currency-statecbd4.jpg]
[spacecatch.io/img/videos/preview-67cbd4.jpg]
[spacecatch.io/img/videos/surya-earning-tipscbd4.jpg]
[spacecatch.io/img/videos/preview-65cbd4.jpg]
[spacecatch.io/img/videos/buhok-gamingcbd4.jpg]
[spacecatch.io/img/videos/preview-64cbd4.jpg]
[spacecatch.io/img/videos/alrockcbd4.jpg]
[spacecatch.io/img/videos/preview-63cbd4.jpg]
[spacecatch.io/img/videos/diegolacbd4.jpg]
[spacecatch.io/img/videos/preview-62cbd4.jpg]
[spacecatch.io/img/videos/crypto-kursucbd4.jpg]
[spacecatch.io/img/videos/preview-61cbd4.jpg]
[spacecatch.io/img/videos/john5-criptocbd4.jpg]
[spacecatch.io/img/videos/preview-60cbd4.jpg]
[spacecatch.io/img/videos/maartin-cryptocbd4.jpg]
[spacecatch.io/img/videos/preview-59cbd4.jpg]
[spacecatch.io/img/videos/crypto-pandascbd4.jpg]
[spacecatch.io/img/videos/preview-58cbd4.jpg]
[spacecatch.io/img/videos/preview-57cbd4.jpg]
[spacecatch.io/img/videos/svijet-kriptacbd4.jpg]
[spacecatch.io/img/videos/preview-56cbd4.jpg]
[spacecatch.io/img/videos/mike-satoshicbd4.jpg]
[spacecatch.io/img/videos/preview-55cbd4.jpg]
[spacecatch.io/img/videos/dr-cryptocbd4.jpg]
[spacecatch.io/img/videos/preview-54cbd4.jpg]
[spacecatch.io/img/videos/hodlcbd4.jpg]
[spacecatch.io/img/videos/preview-53cbd4.jpg]
[spacecatch.io/img/videos/ffdkcbd4.jpg]
[spacecatch.io/img/videos/preview-52cbd4.jpg]
[spacecatch.io/img/videos/monitor-btccbd4.jpg]
[spacecatch.io/img/videos/preview-51cbd4.jpg]
[spacecatch.io/img/videos/alessandro-autierocbd4.jpg]
[spacecatch.io/img/videos/preview-49cbd4.jpg]
[spacecatch.io/img/videos/stefano-castiellocbd4.jpg]
[spacecatch.io/img/videos/preview-48cbd4.jpg]
[spacecatch.io/img/videos/cryptofateevcbd4.jpg]
[spacecatch.io/img/videos/preview-47cbd4.jpg]
[spacecatch.io/img/videos/santi-lopezcbd4.jpg]
[spacecatch.io/img/videos/preview-46cbd4.jpg]
[spacecatch.io/img/videos/nazarecryptocbd4.jpg]
[spacecatch.io/img/videos/preview-45cbd4.jpg]
[spacecatch.io/img/videos/ouluhcbd4.jpg]
[spacecatch.io/img/videos/preview-44cbd4.jpg]
[spacecatch.io/img/videos/andehuicbd4.jpg]
[spacecatch.io/img/videos/preview-43cbd4.jpg]
[spacecatch.io/img/videos/jose-hodlcbd4.jpg]
[spacecatch.io/img/videos/preview-35cbd4.jpg]
[spacecatch.io/img/videos/tokenkult-cryptocbd4.jpg]
[spacecatch.io/img/videos/preview-41cbd4.jpg]
[spacecatch.io/img/videos/dorregocbd4.jpg]
[spacecatch.io/img/videos/preview-34cbd4.jpg]
[spacecatch.io/img/videos/go-shiny-huntercbd4.jpg]
[spacecatch.io/img/videos/preview-33cbd4.jpg]
[spacecatch.io/img/videos/arzano-cryptocbd4.jpg]
[spacecatch.io/img/videos/preview-32cbd4.jpg]
[spacecatch.io/img/videos/fouficbd4.jpg]
[spacecatch.io/img/videos/preview-31cbd4.jpg]
[spacecatch.io/img/videos/sheriff-networkcbd4.jpg]
[spacecatch.io/img/videos/preview-30cbd4.jpg]
[spacecatch.io/img/videos/luca-vitiellocbd4.jpg]
[spacecatch.io/img/videos/preview-40cbd4.jpg]
[spacecatch.io/img/videos/fxmagcbd4.jpg]
[spacecatch.io/img/videos/preview-29cbd4.jpg]
[spacecatch.io/img/videos/michael-wrubelcbd4.jpg]
[spacecatch.io/img/videos/preview-28cbd4.jpg]
[spacecatch.io/img/videos/crypto-moderncbd4.jpg]
[spacecatch.io/img/videos/preview-27cbd4.jpg]
[spacecatch.io/img/videos/dapp-centrecbd4.jpg]
[spacecatch.io/img/videos/preview-26cbd4.jpg]
[spacecatch.io/img/videos/gotowy-na-kryptocbd4.jpg]
[spacecatch.io/img/videos/preview-25cbd4.jpg]
[spacecatch.io/img/videos/preview-24cbd4.jpg]
[spacecatch.io/img/videos/la-ola-criptocbd4.jpg]
[spacecatch.io/img/videos/preview-23cbd4.jpg]
[spacecatch.io/img/videos/nicolas-palacioscbd4.jpg]
[spacecatch.io/img/videos/preview-22cbd4.jpg]
[spacecatch.io/img/videos/crypto-tamizhacbd4.jpg]
[spacecatch.io/img/videos/preview-21cbd4.jpg]
[spacecatch.io/img/videos/michal-lewiczcbd4.jpg]
[spacecatch.io/img/videos/preview-20cbd4.jpg]
[spacecatch.io/img/videos/crypto-bullcbd4.jpg]
[spacecatch.io/img/videos/preview-19cbd4.jpg]
[spacecatch.io/img/videos/bolsa-para-principiantescbd4.jpg]
[spacecatch.io/img/videos/preview-18cbd4.jpg]
[spacecatch.io/img/videos/preview-17cbd4.jpg]
[spacecatch.io/img/videos/preview-16cbd4.jpg]
[spacecatch.io/img/videos/leonardo-vecchiocbd4.jpg]
[spacecatch.io/img/videos/preview-38cbd4.jpg]
[spacecatch.io/img/videos/andy-bitcoinsensuscbd4.jpg]
[spacecatch.io/img/videos/preview-37cbd4.jpg]
[spacecatch.io/img/videos/afterside-cryptocbd4.jpg]
[spacecatch.io/img/videos/preview-15cbd4.jpg]
[spacecatch.io/img/videos/whatsupcriptocbd4.jpg]
[spacecatch.io/img/videos/preview-36cbd4.jpg]
[spacecatch.io/img/videos/xrp-deutschlandcbd4.jpg]
[spacecatch.io/img/videos/preview-14cbd4.jpg]
[spacecatch.io/img/videos/mobile-tradezcbd4.jpg]
[spacecatch.io/img/videos/preview-13cbd4.jpg]
[spacecatch.io/img/videos/preview-12cbd4.jpg]
[spacecatch.io/img/videos/preview-11cbd4.jpg]
[spacecatch.io/img/videos/dustybc-crypto-newscbd4.jpg]
[spacecatch.io/img/videos/preview-10cbd4.jpg]
[spacecatch.io/img/videos/brandon10xcbd4.jpg]
[spacecatch.io/img/videos/preview-9cbd4.jpg]
[spacecatch.io/img/videos/crypto-futurocbd4.jpg]
[spacecatch.io/img/videos/preview-8cbd4.jpg]
[spacecatch.io/img/videos/riko-cryptocbd4.jpg]
[spacecatch.io/img/videos/preview-7cbd4.jpg]
[spacecatch.io/img/videos/voepa-bitcoincbd4.jpg]
[spacecatch.io/img/videos/preview-6cbd4.jpg]
[spacecatch.io/img/videos/preview-5cbd4.jpg]
[spacecatch.io/img/videos/kifs-cryptocbd4.jpg]
[spacecatch.io/img/videos/preview-1cbd4.jpg]
[spacecatch.io/img/videos/preview-2cbd4.jpg]
[spacecatch.io/img/videos/mind-the-chartcbd4.jpg]
[spacecatch.io/img/videos/preview-3cbd4.jpg]
[spacecatch.io/img/videos/roman-pushkacbd4.jpg]
[spacecatch.io/img/videos/preview-4cbd4.jpg]
[spacecatch.io/img/videos/crypto-moonlightcbd4.jpg]
[spacecatch.io/videos.html]
[spacecatch.io/img/development/playfabcbd4.png]
[spacecatch.io/img/development/figmacbd4.svg]
[spacecatch.io/img/development/jiracbd4.svg]
[spacecatch.io/img/development/githubcbd4.svg]
[spacecatch.io/img/development/gitbookcbd4.svg]
[spacecatch.io/img/development/notioncbd4.svg]
[spacecatch.io/img/press/0xzxcbd4.webp]
[spacecatch.io/img/press/cryptoadventurecbd4.svg]
[spacecatch.io/img/press/einpresswirecbd4.svg]
[spacecatch.io/img/press/bitcoinbaziscbd4.jpg]
[spacecatch.io/img/press/bitnoticiascbd4.png]
[spacecatch.io/img/press/criptofacilcbd4.webp]
[spacecatch.io/img/press/nftnewstodaycbd4.webp]
[spacecatch.io/img/press/criptoinformecbd4.png]
[spacecatch.io/img/press/cafebitcoincbd4.png]
[spacecatch.io/img/press/bilgikriptocbd4.png]
[spacecatch.io/img/press/bloombergcbd4.svg]
[spacecatch.io/img/press/newswirecbd4.svg]
[spacecatch.io/img/press/yorumcoincbd4.png]
[spacecatch.io/img/press/bitexpertcbd4.svg]
[spacecatch.io/img/press/coinvestasicbd4.svg]
[spacecatch.io/img/press/jelajahcoincbd4.webp]
[spacecatch.io/img/press/kriptosozluktvcbd4.png]
[spacecatch.io/img/press/hola-blockchaincbd4.png]
[spacecatch.io/img/press/bitcoininsidercbd4.svg]
[spacecatch.io/img/press/profitgidcbd4.png]
[spacecatch.io/img/press/coinalistcbd4.png]
[spacecatch.io/img/press/coinwirecbd4.svg]
[spacecatch.io/img/press/kabarcoincbd4.webp]
[spacecatch.io/img/press/coinmarketleaguecbd4.png]
[spacecatch.io/img/press/cryptoshitcompracbd4.webp]
[spacecatch.io/img/press/cryptocurrencyinsidertodaycbd4.svg]
[spacecatch.io/img/press/kryptonovinkycbd4.png]
[spacecatch.io/img/press/avanger-newscbd4.svg]
[spacecatch.io/img/press/game8cbd4.png]
[spacecatch.io/img/press/coinarbitragebotcbd4.png]
[spacecatch.io/img/press/playtoearndiarycbd4.png]
[spacecatch.io/img/press/centrumhercbd4.webp]
[spacecatch.io/img/press/stelareumcbd4.svg]
[spacecatch.io/img/press/elevenewscbd4.svg]
[spacecatch.io/img/press/play2mooncbd4.png]
[spacecatch.io/img/press/pricescbd4.png]
[spacecatch.io/img/press/binbitscbd4.png]
[spacecatch.io/img/press/kriptoupcbd4.png]
[spacecatch.io/img/press/cointribunecbd4.svg]
[spacecatch.io/img/press/cointimescbd4.webp]
[spacecatch.io/img/press/cryptonewscbd4.svg]
[spacecatch.io/img/press/coingabbarcbd4.svg]
[spacecatch.io/img/press/nftmarketcapcbd4.svg]
[spacecatch.io/img/press/cryptopotatocbd4.png]
[spacecatch.io/img/press/cryptomodecbd4.png]
[spacecatch.io/img/press/gameishardcbd4.svg]
[spacecatch.io/img/press/bitcoinethereumnewscbd4.png]
[spacecatch.io/img/press/wallstreet-onlinecbd4.svg]
[spacecatch.io/img/press/coingapecbd4.png]
[spacecatch.io/img/press/crypto-newscbd4.svg]
[spacecatch.io/img/press/crypto-news-flashcbd4.webp]
[spacecatch.io/img/press/bitcosarcbd4.png]
[spacecatch.io/img/press/coinlercbd4.png]
[spacecatch.io/img/press/ethnewscbd4.webp]
[spacecatch.io/img/press/thexcryptocbd4.png]
[spacecatch.io/img/press/coinhaberlerimcbd4.png]
[spacecatch.io/img/press/trendkoincbd4.webp]
[spacecatch.io/img/press/coinpapercbd4.svg]
[spacecatch.io/img/press/cryptodailycbd4.svg]
[spacecatch.io/img/press/koinmedyacbd4.png]
[spacecatch.io/img/press/coinnewstrcbd4.png]
[spacecatch.io/img/press/cryptobrowsercbd4.svg]
[spacecatch.io/img/press/beingcryptocbd4.png]
[spacecatch.io/img/press/attirercbd4.png]
[spacecatch.io/img/press/bitcoincbd4.png]
[spacecatch.io/img/press/coindoocbd4.svg]
[spacecatch.io/img/press/coinpediacbd4.webp]
[spacecatch.io/img/press/chainplaycbd4.webp]
[spacecatch.io/img/press/coincodexcbd4.svg]
[spacecatch.io/img/press/newsbtccbd4.webp]
[spacecatch.io/img/press/crypto-research-reportcbd4.png]
[spacecatch.io/img/press/criptotendenciascbd4.webp]
[spacecatch.io/img/press/tapchibitcoincbd4.jpg]
[spacecatch.io/img/press/tintucbitcoincbd4.svg]
[spacecatch.io/img/press/btcmagazincbd4.png]
[spacecatch.io/img/press/bitcoinsinirelandcbd4.png]
[spacecatch.io/img/press/happycoincbd4.png]
[spacecatch.io/img/press/coinspeakercbd4.webp]
[spacecatch.io/partners.html]
[spacecatch.io/contact.html]
[spacecatch.io/img/icons/mutecbd4.svg]
[spacecatch.io/img/icons/playcbd4.svg]
[spacecatch.io/img/app-storecbd4.png]
[spacecatch.io/img/google-playcbd4.png]
[spacecatch.io/try-the-game.html]
[spacecatch.io/img/google-playcbd4.svg]
[spacecatch.io/img/app-storecbd4.svg]
[spacecatch.io/img/icons/telegramcbd4.svg]
[spacecatch.io/img/icons/discordcbd4.svg]
[spacecatch.io/img/icons/twittercbd4.svg]
[spacecatch.io/img/icons/youtubecbd4.svg]
[spacecatch.io/img/icons/instagramcbd4.svg]
[spacecatch.io/img/icons/mediumcbd4.svg]
[spacecatch.io/img/icons/coinmarketcapcbd4.svg]
[spacecatch.io/img/certikcbd4.svg]
[spacecatch.io/img/kyc-goldcbd4.svg]
[spacecatch.io/img/icons/infocbd4.svg]
[spacecatch.io/img/icons/successcbd4.svg]
[spacecatch.io/img/ellipse/1cbd4.svg]
[spacecatch.io/img/symbol1cbd4.svg]
[spacecatch.io/img/ellipse/2cbd4.svg]
[spacecatch.io/img/development/unitycbd4.svg]
[spacecatch.io/img/development/microsoft-azurecbd4.svg]
[spacecatch.io/img/development/apple-developercbd4.svg]
[spacecatch.io/img/development/google-developerscbd4.svg]
[spacecatch.io/img/development/yahoo-financecbd4.svg]
[spacecatch.io/img/development/bloombergcbd4.svg]
[spacecatch.io/img/development/awscbd4.svg]
[spacecatch.io/img/development/mexccbd4.svg]
[spacecatch.io/img/development/pixelfieldcbd4.svg]
[spacecatch.io/img/development/bitmartcbd4.svg]
[spacecatch.io/img/ellipse/3cbd4.svg]
[spacecatch.io/img/icons/frame-1cbd4.svg]
[spacecatch.io/img/icons/playercbd4.svg]
[spacecatch.io/img/icons/frame-2cbd4.svg]
[spacecatch.io/img/icons/aliencbd4.svg]
[spacecatch.io/img/icons/frame-3cbd4.svg]
[spacecatch.io/img/icons/enemycbd4.svg]
[spacecatch.io/img/icons/frame-4cbd4.svg]
[spacecatch.io/img/icons/invadercbd4.svg]
[spacecatch.io/img/ellipse/4cbd4.svg]
[spacecatch.io/img/icons/triangle-blackcbd4.svg]
[spacecatch.io/img/ellipse/9cbd4.svg]
[spacecatch.io/img/ellipse/6cbd4.svg]
[spacecatch.io/img/symbol4cbd4.svg]
[spacecatch.io/img/tokenomicscbd4.svg]
[spacecatch.io/img/ellipse/7cbd4.svg]
[spacecatch.io/img/icons/app-storecbd4.svg]
[spacecatch.io/img/icons/google-playcbd4.svg]
[spacecatch.io/img/icons/linkedincbd4.svg]
[spacecatch.io/img/icons/webcbd4.svg]
[spacecatch.io/img/ellipse/8cbd4.svg]
[spacecatch.io/img/symbol5cbd4.svg]
[spacecatch.io/img/press/beincryptocbd4.svg]
[spacecatch.io/img/press/finboldcbd4.svg]
[spacecatch.io/img/press/cointelegraphcbd4.svg]
[spacecatch.io/img/press/utodaycbd4.svg]
[spacecatch.io/disclaimer.html]
[spacecatch.io/privacy-policy.html]
[spacecatch.io/cookies.html]
[spacecatch.io/img/icons/emailcbd4.svg]
[spacecatch.io/img/icons/icoholdercbd4.svg]
[spacecatch.io/img/icons/stackoverflowcbd4.svg]
[spacecatch.io/img/companies/albertcbd4.svg]
[spacecatch.io/img/companies/becherovkacbd4.svg]
[spacecatch.io/img/companies/cinestarcbd4.svg]
[spacecatch.io/img/companies/ctcbd4.svg]
[spacecatch.io/img/companies/ctucbd4.svg]
[spacecatch.io/img/companies/dhlcbd4.svg]
[spacecatch.io/img/companies/fortunacbd4.svg]
[spacecatch.io/img/companies/hbocbd4.svg]
[spacecatch.io/img/companies/ibmcbd4.svg]
[spacecatch.io/img/companies/primapluscbd4.svg]
[spacecatch.io/img/companies/kofolacbd4.svg]
[spacecatch.io/img/companies/mercedes-benzcbd4.svg]
[spacecatch.io/img/companies/nestlecbd4.svg]
[spacecatch.io/img/companies/peugeotcbd4.svg]
[spacecatch.io/img/companies/raiffeisenbankcbd4.svg]
[spacecatch.io/img/companies/seznamcbd4.svg]
[spacecatch.io/img/companies/siemenscbd4.svg]
[spacecatch.io/img/companies/skodacbd4.svg]
[spacecatch.io/img/companies/tatumcbd4.svg]
[spacecatch.io/img/companies/tescocbd4.svg]
[spacecatch.io/img/companies/tipsportcbd4.svg]
[spacecatch.io/img/companies/unicorncbd4.svg]
[spacecatch.io/img/lang/gbcbd4.svg]
[spacecatch.io/img/lang/decbd4.svg]
[spacecatch.io/img/lang/frcbd4.svg]
[spacecatch.io/img/lang/escbd4.svg]
[spacecatch.io/img/lang/czcbd4.svg]
[spacecatch.io/img/lang/cncbd4.svg]
[spacecatch.io/img/lang/idcbd4.svg]
[spacecatch.io/img/lang/rucbd4.svg]
[spacecatch.io/img/lang/trcbd4.svg]
[spacecatch.io/img/lang/ptcbd4.svg]
[spacecatch.io/img/lang/nlcbd4.svg]
[spacecatch.io/img/lang/hucbd4.svg]
[spacecatch.io/img/lang/vncbd4.svg]
[spacecatch.io/img/lang/phcbd4.svg]
[spacecatch.io/img/development/figmacbd4.svg]
[spacecatch.io/img/development/jiracbd4.svg]
[spacecatch.io/img/development/githubcbd4.svg]
[spacecatch.io/img/development/gitbookcbd4.svg]
[spacecatch.io/img/development/notioncbd4.svg]
[spacecatch.io/img/press/cryptoadventurecbd4.svg]
[spacecatch.io/img/press/einpresswirecbd4.svg]
[spacecatch.io/img/press/bloombergcbd4.svg]
[spacecatch.io/img/press/newswirecbd4.svg]
[spacecatch.io/img/press/bitexpertcbd4.svg]
[spacecatch.io/img/press/coinvestasicbd4.svg]
[spacecatch.io/img/press/bitcoininsidercbd4.svg]
[spacecatch.io/img/press/coinwirecbd4.svg]
[spacecatch.io/img/press/cryptocurrencyinsidertodaycbd4.svg]
[spacecatch.io/img/press/avanger-newscbd4.svg]
[spacecatch.io/img/press/stelareumcbd4.svg]
[spacecatch.io/img/press/elevenewscbd4.svg]
[spacecatch.io/img/press/cointribunecbd4.svg]
[spacecatch.io/img/press/cryptonewscbd4.svg]
[spacecatch.io/img/press/coingabbarcbd4.svg]
[spacecatch.io/img/press/nftmarketcapcbd4.svg]
[spacecatch.io/img/press/gameishardcbd4.svg]
[spacecatch.io/img/press/wallstreet-onlinecbd4.svg]
[spacecatch.io/img/press/crypto-newscbd4.svg]
[spacecatch.io/img/press/coinpapercbd4.svg]
[spacecatch.io/img/press/cryptodailycbd4.svg]
[spacecatch.io/img/press/cryptobrowsercbd4.svg]
[spacecatch.io/img/press/coindoocbd4.svg]
[spacecatch.io/img/press/coincodexcbd4.svg]
[spacecatch.io/img/press/tintucbitcoincbd4.svg]
[spacecatch.io/img/press/CryptocurrencyInsiderToday-logo-b16-SVG_cropped.html]
[spacecatch.io/0c1bf7fe-06dd-407f-9f77-97fb20502d2a.html]
